// Jest Snapshot v1, https://goo.gl/fbAQLP

exports[`AddRota Snapshot test 1`] = `
<div class="v-card v-sheet theme--light">
  <div class="v-card__title">
    Add Route
  </div>
  <div class="v-card__text">
    <form novalidate="novalidate"
          class="v-form"
    >
      <div class="v-menu">
        <div class="v-input v-input--is-label-active v-input--is-dirty v-input--is-readonly theme--light v-text-field">
          <div class="v-input__prepend-outer">
            <div class="v-input__icon v-input__icon--prepend">
              <i aria-hidden="true"
                 class="v-icon notranslate mdi mdi-calendar theme--light"
              >
              </i>
            </div>
          </div>
          <div class="v-input__control">
            <div class="v-input__slot">
              <div class="v-text-field__slot">
                <label for="input-10"
                       class="v-label v-label--active theme--light"
                       style="right: 0px; position: absolute;"
                >
                  From Date
                </label>
                <input id="input-10"
                       readonly="readonly"
                       type="text"
                >
              </div>
            </div>
            <div class="v-text-field__details">
              <div class="v-messages theme--light">
                <transition-group-stub tag="div"
                                       name="message-transition"
                                       class="v-messages__wrapper"
                >
                </transition-group-stub>
              </div>
            </div>
          </div>
        </div>
      </div>
      <button type="button"
              class="generate-route mr-4 primary v-btn v-btn--contained theme--light v-size--default"
      >
        <span class="v-btn__content">
          Generate Route
        </span>
      </button>
    </form>
  </div>
</div>
`;
