// Jest Snapshot v1, https://goo.gl/fbAQLP

exports[`UsersList - loaded users Snapshot test 1`] = `
<div class="v-card v-sheet theme--light">
  <div class="v-card__title"> Users </div>
  <div class="v-card__text">
    <div role="list" class="v-list v-sheet theme--light">
      <div role="listbox" class="v-item-group theme--light v-list-item-group">
        <div tabindex="0" role="listitem" aria-selected="false" class="v-list-item v-list-item--link theme--light">
          <div class="v-list-item__content">
            <div class="v-list-item__title">John Smith</div>
          </div>
          <div class="v-list-item__action">
            <div class="v-input user-checkbox theme--light v-input--selection-controls v-input--checkbox">
              <div class="v-input__control">
                <div class="v-input__slot">
                  <div class="v-input--selection-controls__input"><i aria-hidden="true" class="v-icon notranslate material-icons theme--light">$checkboxOff</i><input aria-checked="false" id="input-6" role="checkbox" type="checkbox" value="">
                    <div class="v-input--selection-controls__ripple"></div>
                  </div>
                </div>
                <div class="v-messages theme--light">
                  <transition-group-stub tag="div" name="message-transition" class="v-messages__wrapper"></transition-group-stub>
                </div>
              </div>
            </div>
          </div>
        </div>
        <div tabindex="0" role="listitem" aria-selected="false" class="v-list-item v-list-item--link theme--light">
          <div class="v-list-item__content">
            <div class="v-list-item__title">Ann Doe</div>
          </div>
          <div class="v-list-item__action">
            <div class="v-input user-checkbox theme--light v-input--selection-controls v-input--checkbox">
              <div class="v-input__control">
                <div class="v-input__slot">
                  <div class="v-input--selection-controls__input"><i aria-hidden="true" class="v-icon notranslate material-icons theme--light">$checkboxOff</i><input aria-checked="false" id="input-11" role="checkbox" type="checkbox" value="">
                    <div class="v-input--selection-controls__ripple"></div>
                  </div>
                </div>
                <div class="v-messages theme--light">
                  <transition-group-stub tag="div" name="message-transition" class="v-messages__wrapper"></transition-group-stub>
                </div>
              </div>
            </div>
          </div>
        </div>
        <div tabindex="0" role="listitem" aria-selected="false" class="v-list-item v-list-item--link theme--light">
          <div class="v-list-item__content">
            <div class="v-list-item__title">Nicole Woo</div>
          </div>
          <div class="v-list-item__action">
            <div class="v-input user-checkbox theme--light v-input--selection-controls v-input--checkbox">
              <div class="v-input__control">
                <div class="v-input__slot">
                  <div class="v-input--selection-controls__input"><i aria-hidden="true" class="v-icon notranslate material-icons theme--light">$checkboxOff</i><input aria-checked="false" id="input-16" role="checkbox" type="checkbox" value="">
                    <div class="v-input--selection-controls__ripple"></div>
                  </div>
                </div>
                <div class="v-messages theme--light">
                  <transition-group-stub tag="div" name="message-transition" class="v-messages__wrapper"></transition-group-stub>
                </div>
              </div>
            </div>
          </div>
        </div>
        <div tabindex="0" role="listitem" aria-selected="false" class="v-list-item v-list-item--link theme--light">
          <div class="v-list-item__content">
            <div class="v-list-item__title">Bo Derek</div>
          </div>
          <div class="v-list-item__action">
            <div class="v-input user-checkbox theme--light v-input--selection-controls v-input--checkbox">
              <div class="v-input__control">
                <div class="v-input__slot">
                  <div class="v-input--selection-controls__input"><i aria-hidden="true" class="v-icon notranslate material-icons theme--light">$checkboxOff</i><input aria-checked="false" id="input-21" role="checkbox" type="checkbox" value="">
                    <div class="v-input--selection-controls__ripple"></div>
                  </div>
                </div>
                <div class="v-messages theme--light">
                  <transition-group-stub tag="div" name="message-transition" class="v-messages__wrapper"></transition-group-stub>
                </div>
              </div>
            </div>
          </div>
        </div>
        <div tabindex="0" role="listitem" aria-selected="false" class="v-list-item v-list-item--link theme--light">
          <div class="v-list-item__content">
            <div class="v-list-item__title">Titan Cox</div>
          </div>
          <div class="v-list-item__action">
            <div class="v-input user-checkbox theme--light v-input--selection-controls v-input--checkbox">
              <div class="v-input__control">
                <div class="v-input__slot">
                  <div class="v-input--selection-controls__input"><i aria-hidden="true" class="v-icon notranslate material-icons theme--light">$checkboxOff</i><input aria-checked="false" id="input-26" role="checkbox" type="checkbox" value="">
                    <div class="v-input--selection-controls__ripple"></div>
                  </div>
                </div>
                <div class="v-messages theme--light">
                  <transition-group-stub tag="div" name="message-transition" class="v-messages__wrapper"></transition-group-stub>
                </div>
              </div>
            </div>
          </div>
        </div>
        <div tabindex="0" role="listitem" aria-selected="false" class="v-list-item v-list-item--link theme--light">
          <div class="v-list-item__content">
            <div class="v-list-item__title">Peter Pan</div>
          </div>
          <div class="v-list-item__action">
            <div class="v-input user-checkbox theme--light v-input--selection-controls v-input--checkbox">
              <div class="v-input__control">
                <div class="v-input__slot">
                  <div class="v-input--selection-controls__input"><i aria-hidden="true" class="v-icon notranslate material-icons theme--light">$checkboxOff</i><input aria-checked="false" id="input-31" role="checkbox" type="checkbox" value="">
                    <div class="v-input--selection-controls__ripple"></div>
                  </div>
                </div>
                <div class="v-messages theme--light">
                  <transition-group-stub tag="div" name="message-transition" class="v-messages__wrapper"></transition-group-stub>
                </div>
              </div>
            </div>
          </div>
        </div>
        <div tabindex="0" role="listitem" aria-selected="false" class="v-list-item v-list-item--link theme--light">
          <div class="v-list-item__content">
            <div class="v-list-item__title">Jake Smith</div>
          </div>
          <div class="v-list-item__action">
            <div class="v-input user-checkbox theme--light v-input--selection-controls v-input--checkbox">
              <div class="v-input__control">
                <div class="v-input__slot">
                  <div class="v-input--selection-controls__input"><i aria-hidden="true" class="v-icon notranslate material-icons theme--light">$checkboxOff</i><input aria-checked="false" id="input-36" role="checkbox" type="checkbox" value="">
                    <div class="v-input--selection-controls__ripple"></div>
                  </div>
                </div>
                <div class="v-messages theme--light">
                  <transition-group-stub tag="div" name="message-transition" class="v-messages__wrapper"></transition-group-stub>
                </div>
              </div>
            </div>
          </div>
        </div>
        <div tabindex="0" role="listitem" aria-selected="false" class="v-list-item v-list-item--link theme--light">
          <div class="v-list-item__content">
            <div class="v-list-item__title">Blake Dee</div>
          </div>
          <div class="v-list-item__action">
            <div class="v-input user-checkbox theme--light v-input--selection-controls v-input--checkbox">
              <div class="v-input__control">
                <div class="v-input__slot">
                  <div class="v-input--selection-controls__input"><i aria-hidden="true" class="v-icon notranslate material-icons theme--light">$checkboxOff</i><input aria-checked="false" id="input-41" role="checkbox" type="checkbox" value="">
                    <div class="v-input--selection-controls__ripple"></div>
                  </div>
                </div>
                <div class="v-messages theme--light">
                  <transition-group-stub tag="div" name="message-transition" class="v-messages__wrapper"></transition-group-stub>
                </div>
              </div>
            </div>
          </div>
        </div>
        <div tabindex="0" role="listitem" aria-selected="false" class="v-list-item v-list-item--link theme--light">
          <div class="v-list-item__content">
            <div class="v-list-item__title">Joana Li</div>
          </div>
          <div class="v-list-item__action">
            <div class="v-input user-checkbox theme--light v-input--selection-controls v-input--checkbox">
              <div class="v-input__control">
                <div class="v-input__slot">
                  <div class="v-input--selection-controls__input"><i aria-hidden="true" class="v-icon notranslate material-icons theme--light">$checkboxOff</i><input aria-checked="false" id="input-46" role="checkbox" type="checkbox" value="">
                    <div class="v-input--selection-controls__ripple"></div>
                  </div>
                </div>
                <div class="v-messages theme--light">
                  <transition-group-stub tag="div" name="message-transition" class="v-messages__wrapper"></transition-group-stub>
                </div>
              </div>
            </div>
          </div>
        </div>
        <div tabindex="0" role="listitem" aria-selected="false" class="v-list-item v-list-item--link theme--light">
          <div class="v-list-item__content">
            <div class="v-list-item__title">Beef Patty</div>
          </div>
          <div class="v-list-item__action">
            <div class="v-input user-checkbox theme--light v-input--selection-controls v-input--checkbox">
              <div class="v-input__control">
                <div class="v-input__slot">
                  <div class="v-input--selection-controls__input"><i aria-hidden="true" class="v-icon notranslate material-icons theme--light">$checkboxOff</i><input aria-checked="false" id="input-51" role="checkbox" type="checkbox" value="">
                    <div class="v-input--selection-controls__ripple"></div>
                  </div>
                </div>
                <div class="v-messages theme--light">
                  <transition-group-stub tag="div" name="message-transition" class="v-messages__wrapper"></transition-group-stub>
                </div>
              </div>
            </div>
          </div>
        </div>
      </div>
      <hr role="separator" aria-orientation="horizontal" class="mb-4 v-divider theme--light"> <button type="button" class="toggle-all mr-4 primary v-btn v-btn--contained theme--light v-size--default"><span class="v-btn__content">
        Toggle all shifts
      </span></button>
    </div>
  </div>
</div>
`;
